// Jest Snapshot v1, https://goo.gl/fbAQLP

exports[`check actions should have a type of CHANGE_LOCATION 1`] = `
Object {
  "type": "FETCH_BALANCE_FULFILLED",
}
`;
