// Jest Snapshot v1, https://goo.gl/fbAQLP

exports[`Check snapshot 1`] = `
<div
  className="page-header"
>
  <Connect(Balance) />
</div>
`;
