// Jest Snapshot v1, https://goo.gl/fbAQLP

exports[`Check snapshot 1`] = `
<Tabs
  defaultFocus={false}
  defaultIndex={null}
  forceRenderTabPanel={false}
  selectedIndex={null}
>
  <TabList
    className="react-tabs__tab-list"
  >
    <Tab
      className="react-tabs__tab"
      disabledClassName="react-tabs__tab--disabled"
      focus={false}
      id={null}
      panelId={null}
      selected={false}
      selectedClassName="react-tabs__tab--selected"
    >
      Account
    </Tab>
    <Tab
      className="react-tabs__tab"
      disabledClassName="react-tabs__tab--disabled"
      focus={false}
      id={null}
      panelId={null}
      selected={false}
      selectedClassName="react-tabs__tab--selected"
    >
      Graphs
    </Tab>
  </TabList>
  <TabPanel
    className="react-tabs__tab-panel"
    forceRender={false}
    selectedClassName="react-tabs__tab-panel--selected"
  >
    <Body />
  </TabPanel>
  <TabPanel
    className="react-tabs__tab-panel"
    forceRender={false}
    selectedClassName="react-tabs__tab-panel--selected"
  >
    <p>
      test
    </p>
  </TabPanel>
</Tabs>
`;
